../Core/Src/main.c:71:6:TIM6_DAC_IRQHandler	8	static
../Core/Src/main.c:94:5:main	8	static
../Core/Src/main.c:428:6:SystemClock_Config	96	static
../Core/Src/main.c:473:13:MX_ADC1_Init	32	static
../Core/Src/main.c:531:13:MX_TIM1_Init	96	static
../Core/Src/main.c:601:13:MX_TIM2_Init	48	static
../Core/Src/main.c:654:13:MX_TIM6_Init	24	static
../Core/Src/main.c:692:13:MX_GPIO_Init	40	static
../Core/Src/main.c:738:6:LeerPote	4	static
../Core/Src/main.c:767:6:Error_Handler	4	static,ignoring_inline_asm
