../Drivers/CMSIS/Include/core_cm4.h:1679:22:__NVIC_EnableIRQ	16	static,ignoring_inline_asm
../Core/Src/main.c:82:5:main	72	static
../Core/Src/main.c:136:6:SystemClock_Config	96	static
../Core/Src/main.c:181:13:MX_TIM1_Init	96	static
../Core/Src/main.c:251:13:MX_TIM2_Init	40	static
../Core/Src/main.c:299:13:MX_TIM6_Init	24	static
../Core/Src/main.c:337:13:MX_USART2_UART_Init	8	static
../Core/Src/main.c:372:13:MX_GPIO_Init	16	static
../Core/Src/main.c:387:6:ConfiguracionPwm	8	static
../Core/Src/main.c:415:6:PWMprueba	4	static
../Core/Src/main.c:443:6:Configuraciontim6	4	static
../Core/Src/main.c:453:6:TIM6_DAC_IRQHandler	4	static
../Core/Src/main.c:460:6:TIM2_IRQHandler	16	static
../Core/Src/main.c:489:6:Error_Handler	4	static,ignoring_inline_asm
