../Core/Src/main.c:99:5:main	8	static
../Core/Src/main.c:183:6:SystemClock_Config	96	static
../Core/Src/main.c:228:13:MX_ADC1_Init	32	static
../Core/Src/main.c:286:13:MX_TIM1_Init	96	static
../Core/Src/main.c:360:13:MX_USART2_UART_Init	8	static
../Core/Src/main.c:395:13:MX_GPIO_Init	40	static
../Core/Src/main.c:432:6:configuracionPines	8	static
../Core/Src/main.c:489:6:configuracionTIM1	4	static
../Core/Src/main.c:510:6:esperarRecepcion	8	static
../Core/Src/main.c:528:6:selectorDesicion	16	static
../Core/Src/main.c:586:6:prenderLedComunicacion	8	static
../Core/Src/main.c:590:6:limpiar	8	static
../Core/Src/main.c:594:6:enviarStringPorUART	16	static
../Core/Src/main.c:598:6:finalComunicacion	8	static
../Core/Src/main.c:611:6:actualizar	56	static
../Core/Src/main.c:677:6:Error_Handler	4	static,ignoring_inline_asm
